// Jest Snapshot v1, https://goo.gl/fbAQLP

exports[`Category component should render Category component 1`] = `
<div>
  <Connect(Clues) />
</div>
`;
