// Jest Snapshot v1, https://goo.gl/fbAQLP

exports[`App component should render App component 1`] = `
<div
  className="container"
>
  <Header />
  <Switch>
    <Route
      component={
        Object {
          "$$typeof": Symbol(react.memo),
          "WrappedComponent": [Function],
          "compare": null,
          "displayName": "Connect(Home)",
          "type": [Function],
        }
      }
      exact={true}
      path="/"
    />
    <Route
      component={
        Object {
          "$$typeof": Symbol(react.memo),
          "WrappedComponent": [Function],
          "compare": null,
          "displayName": "Connect(Category)",
          "type": [Function],
        }
      }
      path="/category"
    />
  </Switch>
</div>
`;
